
> ann@0.0.0 build
> tsc -b && vite build

src/components/DatabaseWorkspace/DatabaseEditor.tsx(3,30): error TS2307: Cannot find module '../../../models/dataset' or its corresponding type declarations.
src/components/DatabaseWorkspace/DatabaseEditor.tsx(17,46): error TS7006: Parameter 'row' implicitly has an 'any' type.
src/components/DatabaseWorkspace/DatabaseEditor.tsx(29,46): error TS7006: Parameter 'row' implicitly has an 'any' type.
src/components/DatabaseWorkspace/DatabaseEditor.tsx(72,50): error TS7006: Parameter '_' implicitly has an 'any' type.
src/components/DatabaseWorkspace/DatabaseEditor.tsx(72,53): error TS7006: Parameter 'i' implicitly has an 'any' type.
src/components/DatabaseWorkspace/DatabaseEditor.tsx(83,46): error TS7006: Parameter 'row' implicitly has an 'any' type.
src/components/DatabaseWorkspace/DatabaseEditor.tsx(99,46): error TS7006: Parameter 'row' implicitly has an 'any' type.
src/components/DatabaseWorkspace/DatabaseEditor.tsx(110,58): error TS7006: Parameter '_' implicitly has an 'any' type.
src/components/DatabaseWorkspace/DatabaseEditor.tsx(110,61): error TS7006: Parameter 'i' implicitly has an 'any' type.
src/components/DatabaseWorkspace/DatabaseEditor.tsx(111,46): error TS7006: Parameter 'row' implicitly has an 'any' type.
src/components/DatabaseWorkspace/DatabaseEditor.tsx(113,40): error TS7006: Parameter '_' implicitly has an 'any' type.
src/components/DatabaseWorkspace/DatabaseEditor.tsx(113,43): error TS7006: Parameter 'i' implicitly has an 'any' type.
src/components/DatabaseWorkspace/DatabaseEditor.tsx(120,59): error TS7006: Parameter '_' implicitly has an 'any' type.
src/components/DatabaseWorkspace/DatabaseEditor.tsx(120,62): error TS7006: Parameter 'i' implicitly has an 'any' type.
src/components/DatabaseWorkspace/DatabaseEditor.tsx(121,46): error TS7006: Parameter 'row' implicitly has an 'any' type.
src/components/DatabaseWorkspace/DatabaseEditor.tsx(123,42): error TS7006: Parameter '_' implicitly has an 'any' type.
src/components/DatabaseWorkspace/DatabaseEditor.tsx(123,45): error TS7006: Parameter 'i' implicitly has an 'any' type.
src/components/DatabaseWorkspace/DatabaseEditor.tsx(176,68): error TS7006: Parameter 'col' implicitly has an 'any' type.
src/components/DatabaseWorkspace/DatabaseEditor.tsx(176,73): error TS7006: Parameter 'i' implicitly has an 'any' type.
src/components/DatabaseWorkspace/DatabaseEditor.tsx(198,69): error TS7006: Parameter 'col' implicitly has an 'any' type.
src/components/DatabaseWorkspace/DatabaseEditor.tsx(198,74): error TS7006: Parameter 'i' implicitly has an 'any' type.
src/components/DatabaseWorkspace/DatabaseEditor.tsx(224,56): error TS7006: Parameter 'row' implicitly has an 'any' type.
src/components/DatabaseWorkspace/DatabaseEditor.tsx(224,61): error TS7006: Parameter 'rowIndex' implicitly has an 'any' type.
src/components/DatabaseWorkspace/DatabaseEditor.tsx(236,58): error TS7006: Parameter 'val' implicitly has an 'any' type.
src/components/DatabaseWorkspace/DatabaseEditor.tsx(236,63): error TS7006: Parameter 'colIndex' implicitly has an 'any' type.
src/components/DatabaseWorkspace/DatabaseEditor.tsx(246,59): error TS7006: Parameter 'val' implicitly has an 'any' type.
src/components/DatabaseWorkspace/DatabaseEditor.tsx(246,64): error TS7006: Parameter 'colIndex' implicitly has an 'any' type.
src/components/DatabaseWorkspace/DatabaseHeader.tsx(3,30): error TS2307: Cannot find module '../../../models/dataset' or its corresponding type declarations.
src/components/DatabaseWorkspace/DatabasePlot.tsx(4,30): error TS2307: Cannot find module '../../../models/dataset' or its corresponding type declarations.
src/components/DatabaseWorkspace/DatabasePlot.tsx(42,15): error TS7006: Parameter '_' implicitly has an 'any' type.
src/components/DatabaseWorkspace/DatabasePlot.tsx(42,18): error TS7006: Parameter 'i' implicitly has an 'any' type.
src/components/DatabaseWorkspace/DatabasePlot.tsx(43,17): error TS7006: Parameter 'i' implicitly has an 'any' type.
src/components/DatabaseWorkspace/DatabasePlot.tsx(45,55): error TS7006: Parameter 'acc' implicitly has an 'any' type.
src/components/DatabaseWorkspace/DatabasePlot.tsx(45,60): error TS7006: Parameter 'idx' implicitly has an 'any' type.
src/components/DatabaseWorkspace/DatabasePlot.tsx(49,78): error TS7006: Parameter 'r' implicitly has an 'any' type.
src/components/DatabaseWorkspace/DatabasePlot.tsx(49,115): error TS18046: 'a' is of type 'unknown'.
src/components/DatabaseWorkspace/DatabasePlot.tsx(49,119): error TS18046: 'b' is of type 'unknown'.
src/components/DatabaseWorkspace/DatabasePlot.tsx(55,41): error TS7006: Parameter 'row' implicitly has an 'any' type.
src/components/DatabaseWorkspace/DatabasePlot.tsx(56,39): error TS7006: Parameter 'idx' implicitly has an 'any' type.
src/components/DatabaseWorkspace/DatabasePlot.tsx(60,17): error TS7006: Parameter 'r' implicitly has an 'any' type.
src/components/DatabaseWorkspace/DatabasePlot.tsx(61,15): error TS7006: Parameter 'row' implicitly has an 'any' type.
src/components/DatabaseWorkspace/DatabasePlot.tsx(61,20): error TS7006: Parameter 'idx' implicitly has an 'any' type.
src/components/DatabaseWorkspace/DatabasePlot.tsx(72,17): error TS7006: Parameter 'r' implicitly has an 'any' type.
src/components/DatabaseWorkspace/DatabasePlot.tsx(73,15): error TS7006: Parameter 'row' implicitly has an 'any' type.
src/components/DatabaseWorkspace/DatabasePlot.tsx(73,20): error TS7006: Parameter 'idx' implicitly has an 'any' type.
src/components/DatabaseWorkspace/DatabasePlot.tsx(151,70): error TS7006: Parameter 'col' implicitly has an 'any' type.
src/components/DatabaseWorkspace/DatabasePlot.tsx(151,75): error TS7006: Parameter 'i' implicitly has an 'any' type.
src/components/DatabaseWorkspace/DatabasePlot.tsx(167,70): error TS7006: Parameter 'col' implicitly has an 'any' type.
src/components/DatabaseWorkspace/DatabasePlot.tsx(167,75): error TS7006: Parameter 'i' implicitly has an 'any' type.
src/components/DatabaseWorkspace/DatabasePlot.tsx(173,51): error TS7006: Parameter 'idx' implicitly has an 'any' type.
src/components/DatabaseWorkspace/DatabasePlot.tsx(175,98): error TS7006: Parameter 'r' implicitly has an 'any' type.
src/components/DatabaseWorkspace/DatabasePlot.tsx(175,135): error TS18046: 'a' is of type 'unknown'.
src/components/DatabaseWorkspace/DatabasePlot.tsx(175,139): error TS18046: 'b' is of type 'unknown'.
src/components/DatabaseWorkspace/DatabasePlot.tsx(185,57): error TS2322: Type 'unknown' is not assignable to type 'Key | null | undefined'.
src/components/DatabaseWorkspace/DatabasePlot.tsx(185,67): error TS2322: Type 'unknown' is not assignable to type 'string | number | readonly string[] | undefined'.
src/components/DatabaseWorkspace/DatabasePlot.tsx(185,79): error TS2322: Type 'unknown' is not assignable to type 'ReactNode'.
src/components/DatabaseWorkspace/DatabasePlot.tsx(203,71): error TS7006: Parameter 'col' implicitly has an 'any' type.
src/components/DatabaseWorkspace/DatabasePlot.tsx(203,76): error TS7006: Parameter 'i' implicitly has an 'any' type.
src/components/DatabaseWorkspace/DatabaseTable.tsx(3,30): error TS2307: Cannot find module '../../../models/dataset' or its corresponding type declarations.
src/components/DatabaseWorkspace/DatabaseTable.tsx(48,62): error TS7006: Parameter 'col' implicitly has an 'any' type.
src/components/DatabaseWorkspace/DatabaseTable.tsx(48,67): error TS7006: Parameter 'i' implicitly has an 'any' type.
src/components/DatabaseWorkspace/DatabaseTable.tsx(56,63): error TS7006: Parameter 'col' implicitly has an 'any' type.
src/components/DatabaseWorkspace/DatabaseTable.tsx(56,68): error TS7006: Parameter 'i' implicitly has an 'any' type.
src/components/DatabaseWorkspace/DatabaseTable.tsx(67,43): error TS7006: Parameter 'row' implicitly has an 'any' type.
src/components/DatabaseWorkspace/DatabaseTable.tsx(67,48): error TS7006: Parameter 'index' implicitly has an 'any' type.
src/components/DatabaseWorkspace/DatabaseTable.tsx(74,50): error TS7006: Parameter 'val' implicitly has an 'any' type.
src/components/DatabaseWorkspace/DatabaseTable.tsx(74,55): error TS7006: Parameter 'i' implicitly has an 'any' type.
src/components/DatabaseWorkspace/DatabaseTable.tsx(81,51): error TS7006: Parameter 'val' implicitly has an 'any' type.
src/components/DatabaseWorkspace/DatabaseTable.tsx(81,56): error TS7006: Parameter 'i' implicitly has an 'any' type.
src/components/DatabaseWorkspace/DatabaseView.tsx(2,30): error TS2307: Cannot find module '../../../models/dataset' or its corresponding type declarations.
src/components/DatabaseWorkspace/DatabaseView.tsx(3,25): error TS1484: 'SortConfig' is a type and must be imported using a type-only import when 'verbatimModuleSyntax' is enabled.
src/components/DatabaseWorkspace/index.tsx(6,10): error TS2305: Module '"../../models/dataset"' has no exported member 'initialDatasets'.
src/components/DatabaseWorkspace/index.tsx(109,50): error TS7006: Parameter 'd' implicitly has an 'any' type.
